// Jest Snapshot v1, https://goo.gl/fbAQLP

exports[`class Orders extends _react.Component {

  constructor(props) {
    super(props);
    this.state = {};
  }

  activeOrder(id) {
    this.props.onActiveOrder(id);
  }

  completeOrder(id) {
    this.props.onCompleteOrder(id);
  }

  deleteOrder(id) {
    this.props.onDeleteOrder(id);
  }

  render() {
    let orderItem;
    if (this.props.orders) {
      orderItem = this.props.orders.map(order => {
        const closed = order.closed;
        if (closed) {
          return (
            _react2.default.createElement(_OrderClosed2.default, { onActiveOrder: this.activeOrder.bind(this), onDeleteOrder: this.deleteOrder.bind(this), key: order.id, order: order, __source: { fileName: _jsxFileName, lineNumber: 33 }, __self: this }));

        } else {
          return (
            _react2.default.createElement(_Order2.default, { onActiveOrder: this.activeOrder.bind(this), onCompleteOrder: this.completeOrder.bind(this), onDeleteOrder: this.deleteOrder.bind(this), key: order.id, order: order, __source: { fileName: _jsxFileName, lineNumber: 37 }, __self: this }));

        }
      });
    }
    return (
      _react2.default.createElement('div', { className: 'Orders', __source: { fileName: _jsxFileName, lineNumber: 43 }, __self: this },
        _react2.default.createElement('h2', { className: 'heading', __source: { fileName: _jsxFileName, lineNumber: 44 }, __self: this }, 'Orders'),
        orderItem));


  }} renders and matches our snapshot 1`] = `
<div
  className="Orders"
>
  <h2
    className="heading"
  >
    Orders
  </h2>
</div>
`;
